<html>
<body>
<pre>
<h1>µVision Build Log</h1>
<h2>Tool Versions:</h2>
IDE-Version: ¦ÌVision V5.29.0.0
Copyright (C) 2019 ARM Ltd and ARM Germany GmbH. All rights reserved.
License Information: 8 Dimple, 8, LIC=21E4T-RQCXD-01FP1-C4GDP-42UWK-RFLBL
 
Tool Versions:
Toolchain:       MDK-ARM Plus  Version: 5.29.0.0
Toolchain Path:  H:\Keil_v5\ARM\ARMCC\Bin
C Compiler:      Armcc.exe V5.06 update 6 (build 750)
Assembler:       Armasm.exe V5.06 update 6 (build 750)
Linker/Locator:  ArmLink.exe V5.06 update 6 (build 750)
Library Manager: ArmAr.exe V5.06 update 6 (build 750)
Hex Converter:   FromElf.exe V5.06 update 6 (build 750)
CPU DLL:         SARMCM3.DLL V5.29.0.0
Dialog DLL:      DCM.DLL V1.17.3.0
Target DLL:      Segger\JL2CM3.dll V2.99.36.0
Dialog DLL:      TCM.DLL V1.36.5.0
 
<h2>Project:</h2>
F:\A_code\BP_code\A_LVGL\BP_FREERTOS_LVGL\MDK-ARM\BP_FREERTOS.uvprojx
Project File Date:  03/28/2025

<h2>Output:</h2>
*** Using Compiler 'V5.06 update 6 (build 750)', folder: 'H:\Keil_v5\ARM\ARMCC\Bin'
Build target 'BP_FREERTOS'
compiling lcd.c...
../BSP/zsbm8000_drive_20241008/zsbm800x_drv.h(277): warning:  #1295-D: Deprecated declaration test_reg - give arg types
  void test_reg();
..\BSP\LCD\lcd.c(7068): warning:  #1-D: last line of file ends without a newline
  }
..\BSP\LCD\lcd.c: 2 warnings, 0 errors
compiling zsbm800x_drv.c...
..\BSP\zsbm8000_drive_20241008\zsbm800x_drv.h(277): warning:  #1295-D: Deprecated declaration test_reg - give arg types
  void test_reg();
..\BSP\zsbm8000_drive_20241008\zsbm800x_drv.c(232): warning:  #550-D: variable "tmp"  was set but never used
  	uint16_t tmp;
..\BSP\zsbm8000_drive_20241008\zsbm800x_drv.c(830): warning:  #177-D: variable "tmp"  was declared but never referenced
  	uint16_t tmp;
..\BSP\zsbm8000_drive_20241008\zsbm800x_drv.c(886): warning:  #177-D: variable "tmp"  was declared but never referenced
  	uint16_t tmp;
..\BSP\zsbm8000_drive_20241008\zsbm800x_drv.c(1125): warning:  #177-D: variable "tiagainmax"  was declared but never referenced
  	uint8_t currentmin, currentmax, tiagainmax ,tiagainmin ;
..\BSP\zsbm8000_drive_20241008\zsbm800x_drv.c(1125): warning:  #177-D: variable "tiagainmin"  was declared but never referenced
  	uint8_t currentmin, currentmax, tiagainmax ,tiagainmin ;
..\BSP\zsbm8000_drive_20241008\zsbm800x_drv.c(1126): warning:  #177-D: variable "GreenTiaStep"  was declared but never referenced
  	static uint8_t GreenTiaStep = 0, RedTiaStep = 0, IrTiaStep = 0;
..\BSP\zsbm8000_drive_20241008\zsbm800x_drv.c(1126): warning:  #177-D: variable "RedTiaStep"  was declared but never referenced
  	static uint8_t GreenTiaStep = 0, RedTiaStep = 0, IrTiaStep = 0;
..\BSP\zsbm8000_drive_20241008\zsbm800x_drv.c(1126): warning:  #177-D: variable "IrTiaStep"  was declared but never referenced
  	static uint8_t GreenTiaStep = 0, RedTiaStep = 0, IrTiaStep = 0;
..\BSP\zsbm8000_drive_20241008\zsbm800x_drv.c(1127): warning:  #177-D: variable "GreenFirst"  was declared but never referenced
  	static uint8_t GreenFirst = 1, RedFirst = 1, IrFirst = 1;
..\BSP\zsbm8000_drive_20241008\zsbm800x_drv.c(1128): warning:  #177-D: variable "GreenCurBefMin"  was declared but never referenced
  	static uint8_t GreenCurBefMin = 0, GreenCurBefMax = 0, RedCurBefMin = 0, RedCurBefMax = 0, IrCurBefMin = 0, IrCurBefMax = 0;
..\BSP\zsbm8000_drive_20241008\zsbm800x_drv.c(1128): warning:  #177-D: variable "GreenCurBefMax"  was declared but never referenced
  	static uint8_t GreenCurBefMin = 0, GreenCurBefMax = 0, RedCurBefMin = 0, RedCurBefMax = 0, IrCurBefMin = 0, IrCurBefMax = 0;
..\BSP\zsbm8000_drive_20241008\zsbm800x_drv.c(1129): warning:  #177-D: variable "tia_step"  was declared but never referenced
  	uint8_t *tia_step, *first, *bef_led_currnet_min, *bef_led_currnet_max;
..\BSP\zsbm8000_drive_20241008\zsbm800x_drv.c(1129): warning:  #177-D: variable "bef_led_currnet_min"  was declared but never referenced
  	uint8_t *tia_step, *first, *bef_led_currnet_min, *bef_led_currnet_max;
..\BSP\zsbm8000_drive_20241008\zsbm800x_drv.c(1129): warning:  #177-D: variable "bef_led_currnet_max"  was declared but never referenced
  	uint8_t *tia_step, *first, *bef_led_currnet_min, *bef_led_currnet_max;
..\BSP\zsbm8000_drive_20241008\zsbm800x_drv.c(1199): warning:  #550-D: variable "currentmin"  was set but never used
  	uint8_t currentmin, currentmax, tiagainmax ,tiagainmin ;
..\BSP\zsbm8000_drive_20241008\zsbm800x_drv.c(1199): warning:  #550-D: variable "currentmax"  was set but never used
  	uint8_t currentmin, currentmax, tiagainmax ,tiagainmin ;
..\BSP\zsbm8000_drive_20241008\zsbm800x_drv.c(1199): warning:  #550-D: variable "tiagainmax"  was set but never used
  	uint8_t currentmin, currentmax, tiagainmax ,tiagainmin ;
..\BSP\zsbm8000_drive_20241008\zsbm800x_drv.c(1199): warning:  #550-D: variable "tiagainmin"  was set but never used
  	uint8_t currentmin, currentmax, tiagainmax ,tiagainmin ;
..\BSP\zsbm8000_drive_20241008\zsbm800x_drv.c(1200): warning:  #177-D: variable "GreenTiaStep"  was declared but never referenced
  	static uint8_t GreenTiaStep = 0, RedTiaStep = 0, IrTiaStep = 0;
..\BSP\zsbm8000_drive_20241008\zsbm800x_drv.c(1201): warning:  #177-D: variable "GreenFirst"  was declared but never referenced
  	static uint8_t GreenFirst = 1, RedFirst = 1, IrFirst = 1;
..\BSP\zsbm8000_drive_20241008\zsbm800x_drv.c(1202): warning:  #177-D: variable "GreenCurBefMin"  was declared but never referenced
  	static uint8_t GreenCurBefMin = 0, GreenCurBefMax = 0, RedCurBefMin = 0, RedCurBefMax = 0, IrCurBefMin = 0, IrCurBefMax = 0;
..\BSP\zsbm8000_drive_20241008\zsbm800x_drv.c(1202): warning:  #177-D: variable "GreenCurBefMax"  was declared but never referenced
  	static uint8_t GreenCurBefMin = 0, GreenCurBefMax = 0, RedCurBefMin = 0, RedCurBefMax = 0, IrCurBefMin = 0, IrCurBefMax = 0;
..\BSP\zsbm8000_drive_20241008\zsbm800x_drv.c(1421): warning:  #223-D: function "abs" declared implicitly
      uint8_t red_step = (abs(red_delta) > 5000) ? 2 : AGC_CURRENT_STEP;
..\BSP\zsbm8000_drive_20241008\zsbm800x_drv.c(1628): warning:  #177-D: variable "ptr"  was declared but never referenced
  	int16_t *ptr, intstatus=0 ;
..\BSP\zsbm8000_drive_20241008\zsbm800x_drv.c(2187): warning:  #940-D: missing return statement at end of non-void function "ZSBM800X_32KClkOutPutToIO0" 
  }
..\BSP\zsbm8000_drive_20241008\zsbm800x_drv.c(2210): warning:  #940-D: missing return statement at end of non-void function "ZSBM800X_24MClkDivideBy750OutPutToIO0" 
  }
..\BSP\zsbm8000_drive_20241008\zsbm800x_drv.c: 27 warnings, 0 errors
linking...
Program Size: Code=32552 RO-data=15220 RW-data=292 ZI-data=29300  
FromELF: creating hex file...
"BP_FREERTOS\BP_FREERTOS.axf" - 0 Error(s), 29 Warning(s).

<h2>Software Packages used:</h2>

Package Vendor: ARM
                http://www.keil.com/pack/ARM.CMSIS.5.6.0.pack
                ARM.CMSIS.5.6.0
                CMSIS (Cortex Microcontroller Software Interface Standard)
   * Component: CORE Version: 5.3.0

Package Vendor: Keil
                http://www.keil.com/pack/Keil.STM32L4xx_DFP.1.5.0.pack
                Keil.STM32L4xx_DFP.1.5.0
                STMicroelectronics STM32L4 Series Device Support, Drivers and Examples

<h2>Collection of Component include folders:</h2>
  .\RTE\_BP_FREERTOS
  H:\Users\Dimple\AppData\Local\Arm\Packs\ARM\CMSIS\5.6.0\CMSIS\Core\Include
  H:\Users\Dimple\AppData\Local\Arm\Packs\Keil\STM32L4xx_DFP\1.5.0\Drivers\CMSIS\Device\ST\STM32L4xx\Include

<h2>Collection of Component Files used:</h2>

   * Component: ARM::CMSIS:CORE:5.3.0
Build Time Elapsed:  00:00:07
</pre>
</body>
</html>
